// Vitest Snapshot v1, https://vitest.dev/guide/snapshot.html

exports[`HeroStats > should render HeroStats with mock data 1`] = `
<div>
  <div
    class="grid grid-cols-2 md:grid-cols-4 gap-4 mb-8"
  >
    <div
      class="bg-card text-card-foreground flex flex-col gap-6 rounded-xl border py-6 shadow-sm"
      data-slot="card"
    >
      <div
        class="@container/card-header auto-rows-min grid-rows-[auto_auto] gap-1.5 px-6 has-data-[slot=card-action]:grid-cols-[1fr_auto] [.border-b]:pb-6 flex flex-row items-center justify-between space-y-0 pb-2"
        data-slot="card-header"
      >
        <div
          class="text-sm font-medium"
          data-slot="card-title"
        >
          Total Characters
        </div>
        <svg
          aria-hidden="true"
          class="lucide lucide-users h-4 w-4 text-muted-foreground"
          fill="none"
          height="24"
          stroke="currentColor"
          stroke-linecap="round"
          stroke-linejoin="round"
          stroke-width="2"
          viewBox="0 0 24 24"
          width="24"
          xmlns="http://www.w3.org/2000/svg"
        >
          <path
            d="M16 21v-2a4 4 0 0 0-4-4H6a4 4 0 0 0-4 4v2"
          />
          <path
            d="M16 3.128a4 4 0 0 1 0 7.744"
          />
          <path
            d="M22 21v-2a4 4 0 0 0-3-3.87"
          />
          <circle
            cx="9"
            cy="7"
            r="4"
          />
        </svg>
      </div>
      <div
        class="px-6"
        data-slot="card-content"
      >
        <div
          class="text-2xl font-bold"
        >
          25
        </div>
        <div
          class="flex gap-1 mt-2"
        >
          <span
            class="inline-flex items-center justify-center rounded-md border px-2 py-0.5 font-medium w-fit whitespace-nowrap shrink-0 [&>svg]:size-3 gap-1 [&>svg]:pointer-events-none focus-visible:border-ring focus-visible:ring-ring/50 focus-visible:ring-[3px] aria-invalid:ring-destructive/20 dark:aria-invalid:ring-destructive/40 aria-invalid:border-destructive transition-[color,box-shadow] overflow-hidden border-transparent bg-secondary text-secondary-foreground [a&]:hover:bg-secondary/90 text-xs"
            data-slot="badge"
          >
            18
             Heroes
          </span>
          <span
            class="inline-flex items-center justify-center rounded-md border px-2 py-0.5 font-medium w-fit whitespace-nowrap shrink-0 [&>svg]:size-3 gap-1 [&>svg]:pointer-events-none focus-visible:border-ring focus-visible:ring-[3px] aria-invalid:ring-destructive/20 dark:aria-invalid:ring-destructive/40 aria-invalid:border-destructive transition-[color,box-shadow] overflow-hidden border-transparent bg-destructive text-white [a&]:hover:bg-destructive/90 focus-visible:ring-destructive/20 dark:focus-visible:ring-destructive/40 dark:bg-destructive/60 text-xs"
            data-slot="badge"
          >
            7
             Villains
          </span>
        </div>
      </div>
    </div>
    <div
      class="bg-card text-card-foreground flex flex-col gap-6 rounded-xl border py-6 shadow-sm"
      data-slot="card"
    >
      <div
        class="@container/card-header auto-rows-min grid-rows-[auto_auto] gap-1.5 px-6 has-data-[slot=card-action]:grid-cols-[1fr_auto] [.border-b]:pb-6 flex flex-row items-center justify-between space-y-0 pb-2"
        data-slot="card-header"
      >
        <div
          class="text-sm font-medium"
          data-slot="card-title"
        >
          Favorite
        </div>
        <svg
          aria-hidden="true"
          class="lucide lucide-heart h-4 w-4 text-muted-foreground"
          fill="none"
          height="24"
          stroke="currentColor"
          stroke-linecap="round"
          stroke-linejoin="round"
          stroke-width="2"
          viewBox="0 0 24 24"
          width="24"
          xmlns="http://www.w3.org/2000/svg"
        >
          <path
            d="M2 9.5a5.5 5.5 0 0 1 9.591-3.676.56.56 0 0 0 .818 0A5.49 5.49 0 0 1 22 9.5c0 2.29-1.5 4-3 5.5l-5.492 5.313a2 2 0 0 1-3 .019L5 15c-1.5-1.5-3-3.2-3-5.5"
          />
        </svg>
      </div>
      <div
        class="px-6"
        data-slot="card-content"
      >
        <div
          class="text-2xl font-bold text-red-600"
          data-testid="favorite-count"
        >
          0
        </div>
        <p
          class="text-xs text-muted-foreground"
          data-testid="favorite-percentage"
        >
          0.00
          %
        </p>
      </div>
    </div>
    <div
      class="bg-card text-card-foreground flex flex-col gap-6 rounded-xl border py-6 shadow-sm"
      data-slot="card"
    >
      <div
        class="@container/card-header auto-rows-min grid-rows-[auto_auto] gap-1.5 px-6 has-data-[slot=card-action]:grid-cols-[1fr_auto] [.border-b]:pb-6 flex flex-row items-center justify-between space-y-0 pb-2"
        data-slot="card-header"
      >
        <div
          class="text-sm font-medium"
          data-slot="card-title"
        >
          Strongest
        </div>
        <svg
          aria-hidden="true"
          class="lucide lucide-zap h-4 w-4 text-muted-foreground"
          fill="none"
          height="24"
          stroke="currentColor"
          stroke-linecap="round"
          stroke-linejoin="round"
          stroke-width="2"
          viewBox="0 0 24 24"
          width="24"
          xmlns="http://www.w3.org/2000/svg"
        >
          <path
            d="M4 14a1 1 0 0 1-.78-1.63l9.9-10.2a.5.5 0 0 1 .86.46l-1.92 6.02A1 1 0 0 0 13 10h7a1 1 0 0 1 .78 1.63l-9.9 10.2a.5.5 0 0 1-.86-.46l1.92-6.02A1 1 0 0 0 11 14z"
          />
        </svg>
      </div>
      <div
        class="px-6"
        data-slot="card-content"
      >
        <div
          class="text-lg font-bold"
        >
          Superman
        </div>
        <p
          class="text-xs text-muted-foreground"
        >
          Strength:
          10
          /10
        </p>
      </div>
    </div>
    <div
      class="bg-card text-card-foreground flex flex-col gap-6 rounded-xl border py-6 shadow-sm"
      data-slot="card"
    >
      <div
        class="@container/card-header auto-rows-min grid-rows-[auto_auto] gap-1.5 px-6 has-data-[slot=card-action]:grid-cols-[1fr_auto] [.border-b]:pb-6 flex flex-row items-center justify-between space-y-0 pb-2"
        data-slot="card-header"
      >
        <div
          class="text-sm font-medium"
          data-slot="card-title"
        >
          Smartest
        </div>
        <svg
          aria-hidden="true"
          class="lucide lucide-trophy h-4 w-4 text-muted-foreground"
          fill="none"
          height="24"
          stroke="currentColor"
          stroke-linecap="round"
          stroke-linejoin="round"
          stroke-width="2"
          viewBox="0 0 24 24"
          width="24"
          xmlns="http://www.w3.org/2000/svg"
        >
          <path
            d="M10 14.66v1.626a2 2 0 0 1-.976 1.696A5 5 0 0 0 7 21.978"
          />
          <path
            d="M14 14.66v1.626a2 2 0 0 0 .976 1.696A5 5 0 0 1 17 21.978"
          />
          <path
            d="M18 9h1.5a1 1 0 0 0 0-5H18"
          />
          <path
            d="M4 22h16"
          />
          <path
            d="M6 9a6 6 0 0 0 12 0V3a1 1 0 0 0-1-1H7a1 1 0 0 0-1 1z"
          />
          <path
            d="M6 9H4.5a1 1 0 0 1 0-5H6"
          />
        </svg>
      </div>
      <div
        class="px-6"
        data-slot="card-content"
      >
        <div
          class="text-lg font-bold"
        >
          Batman
        </div>
        <p
          class="text-xs text-muted-foreground"
        >
          Intelligence: 
          10
          /10
        </p>
      </div>
    </div>
  </div>
</div>
`;

exports[`HeroStats > should render component with default values 1`] = `
<div>
  <div>
    Loading...
  </div>
</div>
`;
